namespace Pilgaard.ScheduledJobs.Configuration
{
    public class ScheduledJobOptions
    {
        public ScheduledJobOptions() { }
        public Microsoft.Extensions.DependencyInjection.ServiceLifetime ServiceLifetime { get; set; }
    }
}
namespace Pilgaard.ScheduledJobs.Extensions
{
    public static class ServiceCollectionExtensions
    {
        [System.Diagnostics.CodeAnalysis.RequiresUnreferencedCode("Calls System.Reflection.Assembly.ExportedTypes")]
        public static Microsoft.Extensions.DependencyInjection.IServiceCollection AddScheduledJobs(this Microsoft.Extensions.DependencyInjection.IServiceCollection services, params System.Reflection.Assembly[] assembliesToScan) { }
        [System.Diagnostics.CodeAnalysis.RequiresUnreferencedCode("Calls System.Reflection.Assembly.ExportedTypes")]
        public static Microsoft.Extensions.DependencyInjection.IServiceCollection AddScheduledJobs(this Microsoft.Extensions.DependencyInjection.IServiceCollection services, params System.Type[] types) { }
        [System.Diagnostics.CodeAnalysis.RequiresUnreferencedCode("Calls System.Reflection.Assembly.ExportedTypes")]
        public static Microsoft.Extensions.DependencyInjection.IServiceCollection AddScheduledJobs(this Microsoft.Extensions.DependencyInjection.IServiceCollection services, System.Action<Pilgaard.ScheduledJobs.Configuration.ScheduledJobOptions>? configuration = null, params System.Reflection.Assembly[] assembliesToScan) { }
        [System.Diagnostics.CodeAnalysis.RequiresUnreferencedCode("Calls System.Reflection.Assembly.ExportedTypes")]
        public static Microsoft.Extensions.DependencyInjection.IServiceCollection AddScheduledJobs(this Microsoft.Extensions.DependencyInjection.IServiceCollection services, System.Action<Pilgaard.ScheduledJobs.Configuration.ScheduledJobOptions>? configuration = null, params System.Type[] types) { }
    }
}
namespace Pilgaard.ScheduledJobs
{
    public interface IScheduledJob
    {
        System.DateTime ScheduledTimeUtc { get; }
        System.Threading.Tasks.Task ExecuteAsync(System.Threading.CancellationToken cancellationToken = default);
    }
    public class ScheduledJobBackgroundService : Microsoft.Extensions.Hosting.BackgroundService
    {
        public ScheduledJobBackgroundService(Pilgaard.ScheduledJobs.IScheduledJob job, Microsoft.Extensions.DependencyInjection.IServiceScopeFactory serviceScopeFactory, Microsoft.Extensions.Logging.ILogger<Pilgaard.ScheduledJobs.ScheduledJobBackgroundService> logger, Pilgaard.ScheduledJobs.Configuration.ScheduledJobOptions options) { }
        protected override System.Threading.Tasks.Task ExecuteAsync(System.Threading.CancellationToken stoppingToken) { }
    }
}